// Jest Snapshot v1, https://goo.gl/fbAQLP

exports[`Experience should match the screenshot 1`] = `
Object {
  "asFragment": [Function],
  "baseElement": <body>
    <div>
      <div
        class="container"
        data-testid="experience-container"
      >
        <div
          class="about-me-container container"
        >
          <div
            class="justify-content-center row"
          >
            <div
              class="col-lg-8 col-md-10"
            >
              <div
                class="card"
              >
                <div
                  class="no-gutters row"
                >
                  <div
                    class="my-auto col-lg-4 col-md-12"
                    data-testid="card-img-col"
                  >
                    <img
                      class="card-img card-img-top"
                      data-testid="card-img"
                      src="image"
                    />
                  </div>
                  <div
                    class="col-lg-8 col-md-12"
                    data-testid="card-txt-col"
                  >
                    <div
                      class="card-body"
                    >
                      <div
                        class="row"
                      >
                        <div
                          class="col"
                        >
                          <div
                            class="card-title h5"
                            data-testid="card-title"
                          >
                            title
                          </div>
                        </div>
                      </div>
                      <p
                        class="card-text"
                        data-testid="card-text"
                      >
                        text
                      </p>
                    </div>
                  </div>
                </div>
              </div>
            </div>
          </div>
        </div>
      </div>
    </div>
  </body>,
  "container": <div>
    <div
      class="container"
      data-testid="experience-container"
    >
      <div
        class="about-me-container container"
      >
        <div
          class="justify-content-center row"
        >
          <div
            class="col-lg-8 col-md-10"
          >
            <div
              class="card"
            >
              <div
                class="no-gutters row"
              >
                <div
                  class="my-auto col-lg-4 col-md-12"
                  data-testid="card-img-col"
                >
                  <img
                    class="card-img card-img-top"
                    data-testid="card-img"
                    src="image"
                  />
                </div>
                <div
                  class="col-lg-8 col-md-12"
                  data-testid="card-txt-col"
                >
                  <div
                    class="card-body"
                  >
                    <div
                      class="row"
                    >
                      <div
                        class="col"
                      >
                        <div
                          class="card-title h5"
                          data-testid="card-title"
                        >
                          title
                        </div>
                      </div>
                    </div>
                    <p
                      class="card-text"
                      data-testid="card-text"
                    >
                      text
                    </p>
                  </div>
                </div>
              </div>
            </div>
          </div>
        </div>
      </div>
    </div>
  </div>,
  "debug": [Function],
  "findAllByAltText": [Function],
  "findAllByDisplayValue": [Function],
  "findAllByLabelText": [Function],
  "findAllByPlaceholderText": [Function],
  "findAllByRole": [Function],
  "findAllByTestId": [Function],
  "findAllByText": [Function],
  "findAllByTitle": [Function],
  "findByAltText": [Function],
  "findByDisplayValue": [Function],
  "findByLabelText": [Function],
  "findByPlaceholderText": [Function],
  "findByRole": [Function],
  "findByTestId": [Function],
  "findByText": [Function],
  "findByTitle": [Function],
  "getAllByAltText": [Function],
  "getAllByDisplayValue": [Function],
  "getAllByLabelText": [Function],
  "getAllByPlaceholderText": [Function],
  "getAllByRole": [Function],
  "getAllByTestId": [Function],
  "getAllByText": [Function],
  "getAllByTitle": [Function],
  "getByAltText": [Function],
  "getByDisplayValue": [Function],
  "getByLabelText": [Function],
  "getByPlaceholderText": [Function],
  "getByRole": [Function],
  "getByTestId": [Function],
  "getByText": [Function],
  "getByTitle": [Function],
  "queryAllByAltText": [Function],
  "queryAllByDisplayValue": [Function],
  "queryAllByLabelText": [Function],
  "queryAllByPlaceholderText": [Function],
  "queryAllByRole": [Function],
  "queryAllByTestId": [Function],
  "queryAllByText": [Function],
  "queryAllByTitle": [Function],
  "queryByAltText": [Function],
  "queryByDisplayValue": [Function],
  "queryByLabelText": [Function],
  "queryByPlaceholderText": [Function],
  "queryByRole": [Function],
  "queryByTestId": [Function],
  "queryByText": [Function],
  "queryByTitle": [Function],
  "rerender": [Function],
  "unmount": [Function],
}
`;
